C51 COMPILER V9.57.0.0   MAIN                                                              06/08/2018 21:36:20 PAGE 1   


C51 COMPILER V9.57.0.0, COMPILATION OF MODULE MAIN
OBJECT MODULE PLACED IN .\Objects\main.obj
COMPILER INVOKED BY: D:\Programas\Keil C51\C51\BIN\C51.EXE main.c OPTIMIZE(8,SPEED) BROWSE INCDIR(D:\Programas\Nordic Se
                    -miconductor\nRFgo SDK 2.3.0.10040\source_code\hal\nrf24le1;D:\Programas\Nordic Semiconductor\nRFgo SDK 2.3.0.10040\sourc
                    -e_code\hal\nrf24l01p;D:\Programas\Nordic Semiconductor\nRFgo SDK 2.3.0.10040\source_code\hal\nrf24lu1p;D:\Programas\Nord
                    -ic Semiconductor\nRFgo SDK 2.3.0.10040\source_code\hal;D:\Programas\Nordic Semiconductor\nRFgo SDK 2.3.0.10040\source_co
                    -de\compiler\common) DEBUG OBJECTEXTEND PRINT(.\Listings\main.lst) TABS(2) OBJECT(.\Objects\main.obj)

line level    source

*** WARNING C500 IN LINE 1 OF main.c: LICENSE ERROR (R230(2): CONNECT TO UVISION KERNEL FAILED)

   1          #include<Nordic\reg24le1.h>
   2          
   3          void main(){
   4   1        P0DIR = 0x00;
   5   1        while(1){
   6   2          P03 = !P03;
   7   2        }
   8   1      }


MODULE INFORMATION:   STATIC OVERLAYABLE
   CODE SIZE        =      7    ----
   CONSTANT SIZE    =   ----    ----
   XDATA SIZE       =   ----    ----
   PDATA SIZE       =   ----    ----
   DATA SIZE        =   ----    ----
   IDATA SIZE       =   ----    ----
   BIT SIZE         =   ----    ----
END OF MODULE INFORMATION.


C51 COMPILATION COMPLETE.  1 WARNING(S),  0 ERROR(S)
